// Jest Snapshot v1, https://goo.gl/fbAQLP

exports[`UI test 1`] = `
<div>
  <div>
    kitty is 5 years old.
  </div>
  hobby: 
  <input
    type="text"
  />
  <button>
    play with kitty
  </button>
</div>
`;
